2026-08-09T20:53:05,425  WARN PrepareForSimImpl:273 'usePersonIdForMissingVehicleId' is deprecated. It will be removed soon. Use
2026-08-09T20:53:05,426  WARN PrepareForSimImpl:274 		config.qsim().setUsePersonIdForMissingVehicleId( false );
2026-08-09T20:53:05,426  WARN PrepareForSimImpl:275 in code, and 
2026-08-09T20:53:05,426  WARN PrepareForSimImpl:276 	<module name="qsim" >
2026-08-09T20:53:05,426  WARN PrepareForSimImpl:277 		<param name="usePersonIdForMissingVehicleId" value="false" />
2026-08-09T20:53:05,426  WARN PrepareForSimImpl:278 in the config xml.
2026-08-09T20:53:05,434  WARN RandomizingTimeDistanceTravelDisutilityFactory:113 There will be no routing randomness for mode=car. The randomization of the travel disutility requires the monetary distance rate to be different than zero. Continuing anyway.
2026-08-09T20:53:05,434  WARN RandomizingTimeDistanceTravelDisutilityFactory:115 You can also set the width of the routing randomness to zero:
2026-08-09T20:53:05,434  WARN RandomizingTimeDistanceTravelDisutilityFactory:116 		config.routing().setRoutingRandomness( 0. );
2026-08-09T20:53:05,434  WARN RandomizingTimeDistanceTravelDisutilityFactory:117 in code, or
2026-08-09T20:53:05,434  WARN RandomizingTimeDistanceTravelDisutilityFactory:118 	<module name="routing" >
2026-08-09T20:53:05,434  WARN RandomizingTimeDistanceTravelDisutilityFactory:119 		<param name="routingRandomness" value="0." />
2026-08-09T20:53:05,435  WARN RandomizingTimeDistanceTravelDisutilityFactory:120 in the xml config
2026-08-09T20:53:05,435  WARN RandomizingTimeDistanceTravelDisutilityFactory:124 There will be no routing randomness for mode=car. The randomization of the travel disutility requires the travel time cost rate to be different than zero. Continuing anyway.
2026-08-09T20:53:06,595  WARN QueueWithBuffer:515 Link 1 too small: enlarge storage capacity from: 1333.3333333333333 Vehicles to: 3599.712023038157 Vehicles.  This is not fatal, but modifies the traffic flow dynamics.
2026-08-09T20:53:06,595  WARN QueueWithBuffer:515 Link 20 too small: enlarge storage capacity from: 1333.3333333333333 Vehicles to: 3599.712023038157 Vehicles.  This is not fatal, but modifies the traffic flow dynamics.
2026-08-09T20:53:06,595  WARN QueueWithBuffer:515 Link 21 too small: enlarge storage capacity from: 1333.3333333333333 Vehicles to: 3599.712023038157 Vehicles.  This is not fatal, but modifies the traffic flow dynamics.
2026-08-09T20:53:06,595  WARN QueueWithBuffer:515 Link 22 too small: enlarge storage capacity from: 4666.666666666667 Vehicles to: 12598.99208063355 Vehicles.  This is not fatal, but modifies the traffic flow dynamics.
2026-08-09T20:53:06,595  WARN QueueWithBuffer:515 Link 23 too small: enlarge storage capacity from: 1333.3333333333333 Vehicles to: 3599.712023038157 Vehicles.  This is not fatal, but modifies the traffic flow dynamics.
2026-08-09T20:53:07,660  WARN ExperiencedPlansServiceImpl:100 agentsRecords.size=100
2026-08-09T20:53:07,661  WARN ObjectAttributesConverter:96 No AttributeConverter found for class org.matsim.api.core.v01.Id$IdImpl. Not all attribute values can be converted.
2026-08-09T20:53:08,226  WARN QueueWithBuffer:515 Link 1 too small: enlarge storage capacity from: 1333.3333333333333 Vehicles to: 3599.712023038157 Vehicles.  This is not fatal, but modifies the traffic flow dynamics.
2026-08-09T20:53:08,227  WARN QueueWithBuffer:515 Link 20 too small: enlarge storage capacity from: 1333.3333333333333 Vehicles to: 3599.712023038157 Vehicles.  This is not fatal, but modifies the traffic flow dynamics.
2026-08-09T20:53:08,227  WARN QueueWithBuffer:515 Link 21 too small: enlarge storage capacity from: 1333.3333333333333 Vehicles to: 3599.712023038157 Vehicles.  This is not fatal, but modifies the traffic flow dynamics.
2026-08-09T20:53:08,227  WARN QueueWithBuffer:515 Link 22 too small: enlarge storage capacity from: 4666.666666666667 Vehicles to: 12598.99208063355 Vehicles.  This is not fatal, but modifies the traffic flow dynamics.
2026-08-09T20:53:08,227  WARN QueueWithBuffer:515 Link 23 too small: enlarge storage capacity from: 1333.3333333333333 Vehicles to: 3599.712023038157 Vehicles.  This is not fatal, but modifies the traffic flow dynamics.
2026-08-09T20:53:09,408  WARN QueueWithBuffer:515 Link 1 too small: enlarge storage capacity from: 1333.3333333333333 Vehicles to: 3599.712023038157 Vehicles.  This is not fatal, but modifies the traffic flow dynamics.
2026-08-09T20:53:09,408  WARN QueueWithBuffer:518 Additional warnings of this type are suppressed.
2026-08-09T20:53:19,243  WARN ExperiencedPlansServiceImpl:100 agentsRecords.size=100
2026-08-09T20:53:19,244  WARN ObjectAttributesConverter:96 No AttributeConverter found for class org.matsim.api.core.v01.Id$IdImpl. Not all attribute values can be converted.
